#
# There is insufficient memory for the Java Runtime Environment to continue.
# Native memory allocation (mmap) failed to map 264241152 bytes for Failed to commit area from 0x0000000704400000 to 0x0000000714000000 of length 264241152.
# Possible reasons:
#   The system is out of physical RAM or swap space
#   The process is running with CompressedOops enabled, and the Java Heap may be blocking the growth of the native heap
# Possible solutions:
#   Reduce memory load on the system
#   Increase physical memory or swap space
#   Check if swap backing store is full
#   Decrease Java heap size (-Xmx/-Xms)
#   Decrease number of Java threads
#   Decrease Java thread stack sizes (-Xss)
#   Set larger code cache with -XX:ReservedCodeCacheSize=
# This output file may be truncated or incomplete.
#
#  Out of Memory Error (./src/hotspot/os/windows/os_windows.cpp:3387), pid=22760, tid=9812
#
# JRE version:  (11.0.14.1+1) (build )
# Java VM: OpenJDK 64-Bit Server VM (11.0.14.1+1, mixed mode, sharing, tiered, compressed oops, g1 gc, windows-amd64)
# No core dump will be written. Minidumps are not enabled by default on client versions of Windows
#

---------------  S U M M A R Y ------------

Command Line: 

Host: 12th Gen Intel(R) Core(TM) i5-12450H, 12 cores, 15G,  Windows 11 , 64 bit Build 26100 (10.0.26100.8328)
Time: Sat May 16 16:52:02 2026 Беларусь (зима) elapsed time: 0.010550 seconds (0d 0h 0m 0s)

---------------  T H R E A D  ---------------

Current thread (0x000001fc5edfd800):  JavaThread "Unknown thread" [_thread_in_vm, id=9812, stack(0x0000002bb3300000,0x0000002bb3400000)]

Stack: [0x0000002bb3300000,0x0000002bb3400000]
Native frames: (J=compiled Java code, j=interpreted, Vv=VM code, C=native code)
V  [jvm.dll+0x61e59a]
V  [jvm.dll+0x7aaca9]
V  [jvm.dll+0x7ac398]
V  [jvm.dll+0x7aca73]
V  [jvm.dll+0x24f9b8]
V  [jvm.dll+0x61b83a]
V  [jvm.dll+0x6100c5]
V  [jvm.dll+0x30772c]
V  [jvm.dll+0x3075b2]
V  [jvm.dll+0x30c2d6]
V  [jvm.dll+0x35272f]
V  [jvm.dll+0x352160]
V  [jvm.dll+0x2e4728]
V  [jvm.dll+0x2e5886]
V  [jvm.dll+0x784b07]
V  [jvm.dll+0x78628f]
V  [jvm.dll+0x35f479]
V  [jvm.dll+0x767aa0]
V  [jvm.dll+0x3ccf1f]
V  [jvm.dll+0x3cf2b1]
C  [jli.dll+0x5207]
C  [ucrtbase.dll+0x37b0]
C  [KERNEL32.DLL+0x2e957]
C  [ntdll.dll+0x427c]


---------------  P R O C E S S  ---------------

Threads class SMR info:
_java_thread_list=0x000001fc5c9b2340, length=0, elements={
}

Java Threads: ( => current thread )

Other Threads:
  0x000001fc5ee1a800 GCTaskThread "GC Thread#0" [stack: 0x0000002bb3400000,0x0000002bb3500000] [id=39672]
  0x000001fc5ee76800 ConcurrentGCThread "G1 Main Marker" [stack: 0x0000002bb3500000,0x0000002bb3600000] [id=28596]
  0x000001fc5ee78800 ConcurrentGCThread "G1 Conc#0" [stack: 0x0000002bb3600000,0x0000002bb3700000] [id=39444]

[error occurred during error reporting (printing all threads), id 0xc0000005, EXCEPTION_ACCESS_VIOLATION (0xc0000005) at pc=0x00007ffcb3083ef7]

VM state:not at safepoint (not fully initialized)

VM Mutex/Monitor currently owned by a thread:  ([mutex/lock_event])
[0x000001fc5edfbab0] Heap_lock - owner thread: 0x000001fc5edfd800

Heap address: 0x0000000704400000, size: 4028 MB, Compressed Oops mode: Non-zero based: 0x0000000704400000
Narrow klass base: 0x0000000000000000, Narrow klass shift: 0

GC Heap History (0 events):
No events

Deoptimization events (0 events):
No events

Classes redefined (0 events):
No events

Internal exceptions (0 events):
No events

Events (1 events):
Event: 0.006 Loaded shared library C:\Program Files\Unity\Hub\Editor\2022.3.62f1\Editor\Data\PlaybackEngines\AndroidPlayer\OpenJDK\bin\zip.dll


Dynamic libraries:
0x00007ff7e9a70000 - 0x00007ff7e9a7d000 	C:\Program Files\Unity\Hub\Editor\2022.3.62f1\Editor\Data\PlaybackEngines\AndroidPlayer\OpenJDK\bin\java.exe
0x00007ffd895e0000 - 0x00007ffd89847000 	C:\WINDOWS\SYSTEM32\ntdll.dll
0x00007ffd88250000 - 0x00007ffd88319000 	C:\WINDOWS\System32\KERNEL32.DLL
0x00007ffd861f0000 - 0x00007ffd865e7000 	C:\WINDOWS\System32\KERNELBASE.dll
0x00007ffd83230000 - 0x00007ffd832d0000 	C:\WINDOWS\SYSTEM32\apphelp.dll
0x00007ffd86fd0000 - 0x00007ffd8711b000 	C:\WINDOWS\System32\ucrtbase.dll
0x00007ffd46050000 - 0x00007ffd46065000 	C:\Program Files\Unity\Hub\Editor\2022.3.62f1\Editor\Data\PlaybackEngines\AndroidPlayer\OpenJDK\bin\VCRUNTIME140.dll
0x00007ffd48ec0000 - 0x00007ffd48ed7000 	C:\Program Files\Unity\Hub\Editor\2022.3.62f1\Editor\Data\PlaybackEngines\AndroidPlayer\OpenJDK\bin\jli.dll
0x00007ffd87f80000 - 0x00007ffd88146000 	C:\WINDOWS\System32\USER32.dll
0x00007ffd6b830000 - 0x00007ffd6bac2000 	C:\WINDOWS\WinSxS\amd64_microsoft.windows.common-controls_6595b64144ccf1df_6.0.26100.8457_none_3e0b2faee331e92d\COMCTL32.dll
0x00007ffd86e60000 - 0x00007ffd86e87000 	C:\WINDOWS\System32\win32u.dll
0x00007ffd88cf0000 - 0x00007ffd88d99000 	C:\WINDOWS\System32\msvcrt.dll
0x00007ffd88cc0000 - 0x00007ffd88ceb000 	C:\WINDOWS\System32\GDI32.dll
0x00007ffd86010000 - 0x00007ffd8613c000 	C:\WINDOWS\System32\gdi32full.dll
0x00007ffd86140000 - 0x00007ffd861e3000 	C:\WINDOWS\System32\msvcp_win.dll
0x00007ffd87db0000 - 0x00007ffd87de2000 	C:\WINDOWS\System32\IMM32.DLL
0x00007ffcb3920000 - 0x00007ffcb39bb000 	C:\Program Files\Unity\Hub\Editor\2022.3.62f1\Editor\Data\PlaybackEngines\AndroidPlayer\OpenJDK\bin\msvcp140.dll
0x00007ffcb2d90000 - 0x00007ffcb3911000 	C:\Program Files\Unity\Hub\Editor\2022.3.62f1\Editor\Data\PlaybackEngines\AndroidPlayer\OpenJDK\bin\server\jvm.dll
0x00007ffd87360000 - 0x00007ffd87416000 	C:\WINDOWS\System32\ADVAPI32.dll
0x00007ffd87420000 - 0x00007ffd874c7000 	C:\WINDOWS\System32\sechost.dll
0x00007ffd87560000 - 0x00007ffd87678000 	C:\WINDOWS\System32\RPCRT4.dll
0x00007ffd87820000 - 0x00007ffd87828000 	C:\WINDOWS\System32\PSAPI.DLL
0x00007ffd60d80000 - 0x00007ffd60d8a000 	C:\WINDOWS\SYSTEM32\WSOCK32.dll
0x00007ffd6f500000 - 0x00007ffd6f50b000 	C:\WINDOWS\SYSTEM32\VERSION.dll
0x00007ffd7a160000 - 0x00007ffd7a196000 	C:\WINDOWS\SYSTEM32\WINMM.dll
0x00007ffd874d0000 - 0x00007ffd87550000 	C:\WINDOWS\System32\WS2_32.dll
0x00007ffd84d60000 - 0x00007ffd84d7b000 	C:\WINDOWS\SYSTEM32\kernel.appcore.dll
0x00007ffd6cd30000 - 0x00007ffd6cd40000 	C:\Program Files\Unity\Hub\Editor\2022.3.62f1\Editor\Data\PlaybackEngines\AndroidPlayer\OpenJDK\bin\verify.dll
0x00007ffd83f10000 - 0x00007ffd84152000 	C:\WINDOWS\SYSTEM32\DBGHELP.DLL
0x00007ffd87a10000 - 0x00007ffd87d93000 	C:\WINDOWS\System32\combase.dll
0x00007ffd88da0000 - 0x00007ffd88e79000 	C:\WINDOWS\System32\OLEAUT32.dll
0x00007ffd6e9a0000 - 0x00007ffd6e9db000 	C:\WINDOWS\SYSTEM32\dbgcore.DLL
0x00007ffd86f20000 - 0x00007ffd86fc8000 	C:\WINDOWS\System32\bcryptPrimitives.dll
0x00007ffcb2d60000 - 0x00007ffcb2d88000 	C:\Program Files\Unity\Hub\Editor\2022.3.62f1\Editor\Data\PlaybackEngines\AndroidPlayer\OpenJDK\bin\java.dll
0x00007ffd46040000 - 0x00007ffd4604a000 	C:\Program Files\Unity\Hub\Editor\2022.3.62f1\Editor\Data\PlaybackEngines\AndroidPlayer\OpenJDK\bin\jimage.dll
0x00007ffcb63a0000 - 0x00007ffcb63b8000 	C:\Program Files\Unity\Hub\Editor\2022.3.62f1\Editor\Data\PlaybackEngines\AndroidPlayer\OpenJDK\bin\zip.dll

dbghelp: loaded successfully - version: 4.0.5 - missing functions: none
symbol engine: initialized successfully - sym options: 0x614 - pdb path: .;C:\Program Files\Unity\Hub\Editor\2022.3.62f1\Editor\Data\PlaybackEngines\AndroidPlayer\OpenJDK\bin;C:\WINDOWS\SYSTEM32;C:\WINDOWS\WinSxS\amd64_microsoft.windows.common-controls_6595b64144ccf1df_6.0.26100.8457_none_3e0b2faee331e92d;C:\Program Files\Unity\Hub\Editor\2022.3.62f1\Editor\Data\PlaybackEngines\AndroidPlayer\OpenJDK\bin\server

VM Arguments:
java_command: <unknown>
java_class_path (initial): <not set>
Launcher Type: SUN_STANDARD

[Global flags]
     intx CICompilerCount                          = 4                                         {product} {ergonomic}
     uint ConcGCThreads                            = 3                                         {product} {ergonomic}
     uint G1ConcRefinementThreads                  = 10                                        {product} {ergonomic}
   size_t G1HeapRegionSize                         = 1048576                                   {product} {ergonomic}
    uintx GCDrainStackTargetSize                   = 64                                        {product} {ergonomic}
   size_t InitialHeapSize                          = 264241152                                 {product} {ergonomic}
   size_t MarkStackSize                            = 4194304                                   {product} {ergonomic}
   size_t MaxHeapSize                              = 4223664128                                {product} {ergonomic}
   size_t MinHeapDeltaBytes                        = 1048576                                   {product} {ergonomic}
    uintx NonNMethodCodeHeapSize                   = 5836300                                {pd product} {ergonomic}
    uintx NonProfiledCodeHeapSize                  = 122910970                              {pd product} {ergonomic}
    uintx ProfiledCodeHeapSize                     = 122910970                              {pd product} {ergonomic}
    uintx ReservedCodeCacheSize                    = 251658240                              {pd product} {ergonomic}
     bool SegmentedCodeCache                       = true                                      {product} {ergonomic}
     bool UseCompressedClassPointers               = true                                 {lp64_product} {ergonomic}
     bool UseCompressedOops                        = true                                 {lp64_product} {ergonomic}
     bool UseG1GC                                  = true                                      {product} {ergonomic}
     bool UseLargePagesIndividualAllocation        = false                                  {pd product} {ergonomic}

Logging:
Log output configuration:
 #0: stdout all=warning uptime,level,tags
 #1: stderr all=off uptime,level,tags

Environment Variables:
JAVA_HOME=C:\Program Files\Unity\Hub\Editor\2022.3.62f1\Editor\Data\PlaybackEngines\AndroidPlayer\OpenJDK
PATH=C:\VulkanSDK\1.3.296.0\Bin;C:\Program Files (x86)\Common Files\Oracle\Java\javapath;C:\VulkanSDK\1.3.283.0\Bin;C:\Windows\system32;C:\Windows;C:\Windows\System32\Wbem;C:\Windows\System32\WindowsPowerShell\v1.0\;C:\Windows\System32\OpenSSH\;C:\Windows\system32\config\systemprofile\AppData\Local\Microsoft\WindowsApps;C:\windows\system32\HWAudioDriver\;C:\Program Files\Microsoft SQL Server\150\Tools\Binn\;C:\Program Files\Microsoft SQL Server\Client SDK\ODBC\170\Tools\Binn\;C:\Program Files\dotnet\;C:\WINDOWS\system32;C:\WINDOWS;C:\WINDOWS\System32\Wbem;C:\WINDOWS\System32\WindowsPowerShell\v1.0\;C:\WINDOWS\System32\OpenSSH\;C:\Program Files\nodejs\;C:\Program Files\Git\cmd;C:\Program Files (x86)\Microsoft SQL Server\160\Tools\Binn\;C:\Program Files\Microsoft SQL Server\160\Tools\Binn\;C:\Program Files\Microsoft SQL Server\160\DTS\Binn\;C:\Program Files\Microsoft SQL Server\170\Tools\Binn\;C:\Users\wwivafox\AppData\Local\Programs\Python\Python39\Scripts\;C:\Users\wwivafox\AppData\Local\Programs\Python\Python39\;C:\Users\wwivafox\AppData\Local\Microsoft\WindowsApps;C:\Users\wwivafox\.dotnet\tools;D:\Microsoft VS Code\bin;C:\Users\wwivafox\AppData\Roaming\npm
USERNAME=wwivafox
OS=Windows_NT
PROCESSOR_IDENTIFIER=Intel64 Family 6 Model 154 Stepping 3, GenuineIntel



---------------  S Y S T E M  ---------------

OS: Windows 11 , 64 bit Build 26100 (10.0.26100.8328)
OS uptime: 3 days 8:18 hours
Hyper-V role detected

CPU:total 12 (initial active 12) (6 cores per cpu, 2 threads per core) family 6 model 154 stepping 3 microcode 0x426, cmov, cx8, fxsr, mmx, sse, sse2, sse3, ssse3, sse4.1, sse4.2, popcnt, avx, avx2, aes, clmul, erms, 3dnowpref, lzcnt, ht, tsc, tscinvbit, bmi1, bmi2, adx, sha, fma

Memory: 4k page, system-wide physical 16108M (1818M free)
TotalPageFile size 26821M (AvailPageFile size 187M)
current process WorkingSet (physical memory assigned to process): 13M, peak: 13M
current process commit charge ("private bytes"): 65M, peak: 317M

vm_info: OpenJDK 64-Bit Server VM (11.0.14.1+1) for windows-amd64 JRE (11.0.14.1+1), built on Feb  9 2022 01:48:27 by "" with unknown MS VC++:1916

END.
